// Jest Snapshot v1, https://goo.gl/fbAQLP

exports[`should render a fixture 1`] = `
<div>
  <Link
    replace={false}
    to="/edit/1"
  >
    <h3>
      Gum
       : amount Â£
      1.95
       : created 
      1st Jan 1970
    </h3>
  </Link>
</div>
`;
