// Jest Snapshot v1, https://goo.gl/fbAQLP

exports[`should render correctly 1`] = `
<div>
  <p>
    <button
      onClick={[Function]}
    >
      Login via Google
    </button>
  </p>
</div>
`;
